
===========================================================================
Caching Murphi Release 5.4.9.1
Finite-state Concurrent System Compiler.

Caching Murphi Release 5.4.9.1 is based on Murphi release 3.1.
Caching Murphi Release 5.4.9.1 :
Copyright (C) 2009 - 2012 by Sapienza University of Rome.
Murphi Release 3.1 :
Copyright (C) 1992 - 1999 by the Board of Trustees of
Leland Stanford Junior University.
===========================================================================
Call with the -l flag or read the license file for terms
and conditions of use.
Run this program with "-h" for the list of options.
Bugs, questions, and comments should be directed to
"melatti@di.uniroma1.it".

CMurphi compiler last compiled date: Oct 27 2025
===========================================================================
build/s1_2_transition/out/P_V_P_IVD.m:209: warning: Scalarset is used in loop index.
	Please make sure that the iterations are independent.
build/s1_2_transition/out/P_V_P_IVD.m:421: warning: Scalarset is used in loop index.
	Please make sure that the iterations are independent.
build/s1_2_transition/out/P_V_P_IVD.m:425: warning: Scalarset is used in loop index.
	Please make sure that the iterations are independent.
build/s1_2_transition/out/P_V_P_IVD.m:436: warning: Scalarset is used in loop index.
	Please make sure that the iterations are independent.
build/s1_2_transition/out/P_V_P_IVD.m:454: warning: Scalarset is used in loop index.
	Please make sure that the iterations are independent.
build/s1_2_transition/out/P_V_P_IVD.m:461: warning: Scalarset is used in loop index.
	Please make sure that the iterations are independent.
build/s1_2_transition/out/P_V_P_IVD.m:467: warning: Scalarset is used in loop index.
	Please make sure that the iterations are independent.
build/s1_2_transition/out/P_V_P_IVD.m:476: warning: Scalarset is used in loop index.
	Please make sure that the iterations are independent.
Code generated in file build/s1_2_transition/out/P_V_P_IVD.cpp
