ADD id_stage_i.issue_q.sbe.pc issue_stage_i.i_issue_read_operands.pc_o
ADD id_stage_i.issue_q.sbe.pc issue_stage_i.i_scoreboard.mem_q[0].sbe.pc
ADD id_stage_i.issue_q.sbe.pc issue_stage_i.i_scoreboard.mem_q[1].sbe.pc
ADD id_stage_i.issue_q.sbe.pc issue_stage_i.i_scoreboard.mem_q[2].sbe.pc
ADD id_stage_i.issue_q.sbe.pc issue_stage_i.i_scoreboard.mem_q[3].sbe.pc
ADD id_stage_i.issue_q.sbe.pc ex_stage_i.lsu_i.i_load_unit.lsu_ctrl_i.pc
ADD id_stage_i.issue_q.sbe.pc ex_stage_i.lsu_i.i_ord_sram.pc_i
ADD issue_stage_i.i_issue_read_operands.pc_o ex_stage_i.i_mult.i_div.pc_q
ADD issue_stage_i.i_issue_read_operands.pc_o id_stage_i.issue_q.sbe.pc
ADD issue_stage_i.i_issue_read_operands.pc_o ex_stage_i.lsu_i.lsu_bypass_i.mem_q[0].pc
ADD issue_stage_i.i_issue_read_operands.pc_o ex_stage_i.lsu_i.lsu_bypass_i.mem_q[1].pc
ADD issue_stage_i.i_issue_read_operands.pc_o issue_stage_i.i_scoreboard.mem_q[0].sbe.pc
ADD issue_stage_i.i_issue_read_operands.pc_o issue_stage_i.i_scoreboard.mem_q[1].sbe.pc
ADD issue_stage_i.i_issue_read_operands.pc_o issue_stage_i.i_scoreboard.mem_q[2].sbe.pc
ADD issue_stage_i.i_issue_read_operands.pc_o issue_stage_i.i_scoreboard.mem_q[3].sbe.pc
ADD issue_stage_i.i_issue_read_operands.pc_o ex_stage_i.lsu_i.i_load_unit.load_data_q.ld_pc
ADD issue_stage_i.i_issue_read_operands.pc_o ex_stage_i.lsu_i.i_store_unit.st_pc_q
ADD issue_stage_i.i_issue_read_operands.pc_o ex_stage_i.csr_buffer_i.csr_reg_q.pc
ADD issue_stage_i.i_issue_read_operands.pc_o ex_stage_i.i_mult.i_multiplier.pc_q
ADD issue_stage_i.i_issue_read_operands.pc_o ex_stage_i.lsu_i.i_load_unit.lsu_ctrl_i.pc
ADD issue_stage_i.i_issue_read_operands.pc_o ex_stage_i.lsu_i.i_ord_sram.pc_i
ADD ex_stage_i.lsu_i.lsu_bypass_i.mem_q[0].pc ex_stage_i.lsu_i.i_load_unit.load_data_q.ld_pc
ADD ex_stage_i.lsu_i.lsu_bypass_i.mem_q[0].pc ex_stage_i.lsu_i.i_store_unit.st_pc_q
ADD ex_stage_i.lsu_i.lsu_bypass_i.mem_q[0].pc ex_stage_i.lsu_i.i_load_unit.lsu_ctrl_i.pc
ADD ex_stage_i.lsu_i.lsu_bypass_i.mem_q[0].pc ex_stage_i.lsu_i.i_ord_sram.pc_i
ADD ex_stage_i.lsu_i.lsu_bypass_i.mem_q[1].pc ex_stage_i.lsu_i.i_load_unit.load_data_q.ld_pc
ADD ex_stage_i.lsu_i.lsu_bypass_i.mem_q[1].pc ex_stage_i.lsu_i.i_store_unit.st_pc_q
ADD ex_stage_i.lsu_i.lsu_bypass_i.mem_q[1].pc ex_stage_i.lsu_i.i_load_unit.lsu_ctrl_i.pc
ADD ex_stage_i.lsu_i.lsu_bypass_i.mem_q[1].pc ex_stage_i.lsu_i.i_ord_sram.pc_i
ADD ex_stage_i.lsu_i.i_store_unit.store_buffer_i.commit_queue_q[0].pc ex_stage_i.lsu_i.i_ord_sram.pc_i
ADD ex_stage_i.lsu_i.i_store_unit.store_buffer_i.commit_queue_q[1].pc ex_stage_i.lsu_i.i_ord_sram.pc_i
ADD ex_stage_i.lsu_i.i_store_unit.store_buffer_i.speculative_queue_q[0].pc ex_stage_i.lsu_i.i_store_unit.store_buffer_i.commit_queue_q[0].pc
ADD ex_stage_i.lsu_i.i_store_unit.store_buffer_i.speculative_queue_q[0].pc ex_stage_i.lsu_i.i_store_unit.store_buffer_i.commit_queue_q[1].pc
ADD ex_stage_i.lsu_i.i_store_unit.store_buffer_i.speculative_queue_q[0].pc ex_stage_i.lsu_i.i_ord_sram.pc_i
ADD ex_stage_i.lsu_i.i_store_unit.store_buffer_i.speculative_queue_q[1].pc ex_stage_i.lsu_i.i_store_unit.store_buffer_i.commit_queue_q[0].pc
ADD ex_stage_i.lsu_i.i_store_unit.store_buffer_i.speculative_queue_q[1].pc ex_stage_i.lsu_i.i_store_unit.store_buffer_i.commit_queue_q[1].pc
ADD ex_stage_i.lsu_i.i_store_unit.store_buffer_i.speculative_queue_q[1].pc ex_stage_i.lsu_i.i_ord_sram.pc_i
ADD ex_stage_i.lsu_i.i_load_unit.load_data_q.ld_pc ex_stage_i.lsu_i.load_pc_o
ADD ex_stage_i.lsu_i.i_store_unit.st_pc_q ex_stage_i.lsu_i.i_store_unit.store_buffer_i.speculative_queue_q[0].pc
ADD ex_stage_i.lsu_i.i_store_unit.st_pc_q ex_stage_i.lsu_i.i_store_unit.store_buffer_i.speculative_queue_q[1].pc
ADD ex_stage_i.lsu_i.i_load_unit.lsu_ctrl_i.pc ex_stage_i.lsu_i.i_load_unit.load_data_q.ld_pc
ADD(ww2) ex_stage_i.lsu_i.i_load_unit.lsu_ctrl_i.pc ex_stage_i.lsu_i.i_ord_sram.pc_i
