
===========================================================================
Caching Murphi Release 5.4.9.1
Finite-state Concurrent System Compiler.

Caching Murphi Release 5.4.9.1 is based on Murphi release 3.1.
Caching Murphi Release 5.4.9.1 :
Copyright (C) 2009 - 2012 by Sapienza University of Rome.
Murphi Release 3.1 :
Copyright (C) 1992 - 1999 by the Board of Trustees of
Leland Stanford Junior University.
===========================================================================
Call with the -l flag or read the license file for terms
and conditions of use.
Run this program with "-h" for the list of options.
Bugs, questions, and comments should be directed to
"melatti@di.uniroma1.it".

CMurphi compiler last compiled date: Jan 31 2025
===========================================================================
past_builds/VI_buggy_build/home_s1_req_acc_state/out/H_V_GetMsg.m:200: warning: Scalarset is used in loop index.
	Please make sure that the iterations are independent.
past_builds/VI_buggy_build/home_s1_req_acc_state/out/H_V_GetMsg.m:416: warning: Scalarset is used in loop index.
	Please make sure that the iterations are independent.
past_builds/VI_buggy_build/home_s1_req_acc_state/out/H_V_GetMsg.m:420: warning: Scalarset is used in loop index.
	Please make sure that the iterations are independent.
past_builds/VI_buggy_build/home_s1_req_acc_state/out/H_V_GetMsg.m:430: warning: Scalarset is used in loop index.
	Please make sure that the iterations are independent.
past_builds/VI_buggy_build/home_s1_req_acc_state/out/H_V_GetMsg.m:448: warning: Scalarset is used in loop index.
	Please make sure that the iterations are independent.
past_builds/VI_buggy_build/home_s1_req_acc_state/out/H_V_GetMsg.m:455: warning: Scalarset is used in loop index.
	Please make sure that the iterations are independent.
past_builds/VI_buggy_build/home_s1_req_acc_state/out/H_V_GetMsg.m:461: warning: Scalarset is used in loop index.
	Please make sure that the iterations are independent.
Code generated in file past_builds/VI_buggy_build/home_s1_req_acc_state/out/H_V_GetMsg.cpp
