
===========================================================================
Caching Murphi Release 5.4.9.1
Finite-state Concurrent System Compiler.

Caching Murphi Release 5.4.9.1 is based on Murphi release 3.1.
Caching Murphi Release 5.4.9.1 :
Copyright (C) 2009 - 2012 by Sapienza University of Rome.
Murphi Release 3.1 :
Copyright (C) 1992 - 1999 by the Board of Trustees of
Leland Stanford Junior University.
===========================================================================
Call with the -l flag or read the license file for terms
and conditions of use.
Run this program with "-h" for the list of options.
Bugs, questions, and comments should be directed to
"melatti@di.uniroma1.it".

CMurphi compiler last compiled date: Jan 31 2025
===========================================================================
past_builds/VI_build/s4_3_v2_src_dst/out/P_I_ci_store_0_trace_0_0_1.m:253: warning: Scalarset is used in loop index.
	Please make sure that the iterations are independent.
past_builds/VI_build/s4_3_v2_src_dst/out/P_I_ci_store_0_trace_0_0_1.m:495: warning: Scalarset is used in loop index.
	Please make sure that the iterations are independent.
past_builds/VI_build/s4_3_v2_src_dst/out/P_I_ci_store_0_trace_0_0_1.m:499: warning: Scalarset is used in loop index.
	Please make sure that the iterations are independent.
past_builds/VI_build/s4_3_v2_src_dst/out/P_I_ci_store_0_trace_0_0_1.m:510: warning: Scalarset is used in loop index.
	Please make sure that the iterations are independent.
past_builds/VI_build/s4_3_v2_src_dst/out/P_I_ci_store_0_trace_0_0_1.m:528: warning: Scalarset is used in loop index.
	Please make sure that the iterations are independent.
past_builds/VI_build/s4_3_v2_src_dst/out/P_I_ci_store_0_trace_0_0_1.m:535: warning: Scalarset is used in loop index.
	Please make sure that the iterations are independent.
past_builds/VI_build/s4_3_v2_src_dst/out/P_I_ci_store_0_trace_0_0_1.m:541: warning: Scalarset is used in loop index.
	Please make sure that the iterations are independent.
past_builds/VI_build/s4_3_v2_src_dst/out/P_I_ci_store_0_trace_0_0_1.m:558: warning: Scalarset is used in loop index.
	Please make sure that the iterations are independent.
past_builds/VI_build/s4_3_v2_src_dst/out/P_I_ci_store_0_trace_0_0_1.m:562: warning: Scalarset is used in loop index.
	Please make sure that the iterations are independent.
Code generated in file past_builds/VI_build/s4_3_v2_src_dst/out/P_I_ci_store_0_trace_0_0_1.cpp
